[smlwiki.com/index.html]
[smlwiki.com/favicon.ico]
[backblue.gif]
[fade.gif]
[index.html]
[smlwiki.com/menu/index.html]
[smlwiki.com/Siekierablurry.png]
[smlwiki.com/Siekiera.gif]
[smlwiki.com/axe.ogg]
[smlwiki.com/cursor.png]
[smlwiki.com/cursorclick.png]
[smlwiki.com/hillb.webp]
[smlwiki.com/hilla.gif]
[smlwiki.com/hillf2.gif]
[smlwiki.com/house1.webp]
[smlwiki.com/house1-A.webp]
[smlwiki.com/house1-B.webp]
[smlwiki.com/housemeat.gif]
[smlwiki.com/house2.webp]
[smlwiki.com/mmain-layer0.webp]
[smlwiki.com/mmain-layer1.webp]
[smlwiki.com/mmain-layer2.webp]
[smlwiki.com/mail1.webp]
[smlwiki.com/sides3.png]
[smlwiki.com/sides2.png]
[smlwiki.com/flstatic.webm]
[smlwiki.com/houses.png]
[smlwiki.com/characters/silhouette.html]
[smlwiki.com/laptop/terus-frontend/texture/jimmy.png]
[smlwiki.com/game/house.html]
[smlwiki.com/contact.html]
[smlwiki.com/news.html]
[smlwiki.com/store.html]
[smlwiki.com/characters/index.html]
[smlwiki.com/mail_bill.png]
[smlwiki.com/mail/letter.html]
[smlwiki.com/mail_letter01.png]
[smlwiki.com/newhouse/crew.html]
[smlwiki.com/computer.html]
[smlwiki.com/newhouse/mailbox02.ogg]
[smlwiki.com/newhouse/mailbox01.ogg]
[smlwiki.com/newhouse/CHARLEYYY_rvb-04-Check_the_mail.ogg]
[smlwiki.com/laptop/terus-frontend/wincheck-64.html]
[smlwiki.com/jpincode12.php]
[smlwiki.com/flower.js]
[smlwiki.com/inventory/radio32.js]
[smlwiki.com/global/header.html]
[smlwiki.com/index.html]
[smlwiki.com/global/global.js]
[c.s-microsoft.com/static/fonts/segoe-ui/west-european/normal/latest.woff2]
[smlwiki.com/global/IKNOWAGHOST.woff2]
[nez.fyi/g-assets/FixedsysExcelsiorIIIb.woff2]
[smlwiki.com/global/logo.png]
[smlwiki.com/achievements/view.html]
[smlwiki.com/menu/housel.jpg]
[smlwiki.com/menu/houser.webp]
[smlwiki.com/menu/cursorclick.png]
[smlwiki.com/menu/houses.png]
[smlwiki.com/menu/dance04.png]
[smlwiki.com/menu/hillf2.png]
[smlwiki.com/menu/hilla.png]
[smlwiki.com/menu/housemeat.png]
[smlwiki.com/menu/global/headertop.jpeg]
[smlwiki.com/menu/pchand01.png]
[smlwiki.com/menu/pchand02.png]
[smlwiki.com/menu/pchand03.png]
[smlwiki.com/menu/Siekierablurry.png]
[smlwiki.com/menu/Siekiera.png]
[smlwiki.com/menu/smlwikibg.png]
[smlwiki.com/menu/cast/charred.gif]
[smlwiki.com/menu/cast/large.jpg]
[smlwiki.com/menu/mail_bill.png]
[smlwiki.com/menu/global/grosstexture.jpeg]
[smlwiki.com/menu/characters/user-submissions/woody1.png]
[smlwiki.com/inventory/marvindoll_sheet.png]
[smlwiki.com/menu/page/key.png]
[smlwiki.com/menu/characters/juniorr.jpg]
[smlwiki.com/menu/newhouse/bartstep.ogg]
[smlwiki.com/menu/sides3.png]
[smlwiki.com/menu/sides2.png]
[smlwiki.com/menu/characters/searchbar.png]
[smlwiki.com/menu/newhouse/door04.jpeg]
[smlwiki.com/menu/characters/hellisreel.ogg]
[smlwiki.com/irida/char.ogg]
[smlwiki.com/menu/irida/badfreq2.ogg]
[smlwiki.com/irida/ambience2.ogg]
[smlwiki.com/laptop/pwr03.ogg]
[smlwiki.com/laptop/pwr04.ogg]
[smlwiki.com/menu/global/ui-08.ogg]
[smlwiki.com/menu/axe.ogg]
[nez.fyi/sml-assets/cvrs.mp3]
[smlwiki.com/menu/characters/fuckedpeepee.ogg]
[smlwiki.com/menu/newhouse/trifect.ogg]
[smlwiki.com/laptop/wrong.ogg]
[smlwiki.com/laptop/pianos01.ogg]
[smlwiki.com/menu/ken_ohgod2.ogg]
[smlwiki.com/menu/ken_ohgod.ogg]
[smlwiki.com/menu/ken_squirm.ogg]
[smlwiki.com/menu/newhouse/CHARLEYYY_rvb-04-Check_the_mail.ogg]
[smlwiki.com/menu/laptop/terus-frontend/exe/bnoiseslow.ogg]
[smlwiki.com/menu/newhouse/mailbox01.ogg]
[smlwiki.com/menu/newhouse/mailbox02.ogg]
[smlwiki.com/laptop/click01.ogg]
[smlwiki.com/laptop/click02.ogg]
[smlwiki.com/laptop/type01.ogg]
[smlwiki.com/laptop/type02.ogg]
[smlwiki.com/menu/characters/cody.jpg]
[smlwiki.com/menu/index.html]
[smlwiki.com/characters/character_pages.css]
[smlwiki.com/cast/lance.html]
[smlwiki.com/characters/witness sketch of the sighting.png]
[smlwiki.com/characters/user-submissions/jimmy.jpg]
[smlwiki.com/characters/user-submissions/9191025.jpg]
[smlwiki.com/characters/silhouette.html]
[smlwiki.com/game/house.html]
[smlwiki.com/characters/searchbar.png]
[smlwiki.com/characters/marvin.html]
[smlwiki.com/characters/marvinblood.jpg]
[smlwiki.com/characters/junior.html]
[smlwiki.com/characters/juniorr.jpg]
[smlwiki.com/characters/cody.html]
[smlwiki.com/characters/cody.jpg]
[smlwiki.com/characters/joseph.html]
[smlwiki.com/characters/355462214023211.webp]
[smlwiki.com/characters/shrej.jpg]
[smlwiki.com/characters/chris-the-cucumber.html]
[smlwiki.com/characters/user-submissions/chris.jpg]
[smlwiki.com/characters/freddy-fidget.html]
[smlwiki.com/characters/user-submissions/freddy.jpg]
[smlwiki.com/characters/sonic.html]
[smlwiki.com/characters/user-submissions/sonic.jpg]
[smlwiki.com/characters/golden-nugget.html]
[smlwiki.com/characters/user-submissions/goldegg.jpg]
[smlwiki.com/characters/sandman.html]
[smlwiki.com/characters/user-submissions/eatbeans.jpg]
[smlwiki.com/characters/guy.html]
[smlwiki.com/characters/user-submissions/brokenguy.jpg]
[smlwiki.com/characters/zack.html]
[smlwiki.com/characters/user-submissions/zack.jpg]
[smlwiki.com/characters/chef-pee-pee.html]
[smlwiki.com/characters/user-submissions/chefpay.jpg]
[smlwiki.com/characters/judy.html]
[smlwiki.com/characters/user-submissions/judy.jpg]
[smlwiki.com/characters/mama-luigi.html]
[smlwiki.com/characters/user-submissions/mamaluigi.png]
[smlwiki.com/characters/woody.html]
[smlwiki.com/characters/user-submissions/woody1.png]
[smlwiki.com/characters/goodman.html]
[smlwiki.com/characters/user-submissions/goomdan.jpg]
[smlwiki.com/characters/duggie.html]
[smlwiki.com/characters/user-submissions/duggie1.png]
[smlwiki.com/characters/chaz.html]
[smlwiki.com/characters/user-submissions/chaz.jpg]
[smlwiki.com/characters/junior-junior.html]
[smlwiki.com/characters/user-submissions/jrjr.png]
[smlwiki.com/characters/patrick.html]
[smlwiki.com/characters/user-submissions/patrick.png]
[smlwiki.com/characters/bitterman.html]
[smlwiki.com/characters/user-submissions/bitter.png]
[smlwiki.com/characters/arbys.html]
[smlwiki.com/characters/user-submissions/meatsweats.jpg]
[smlwiki.com/characters/dr-finkleshitz.html]
[smlwiki.com/characters/crack.jpg]
[smlwiki.com/page/dond-grampud.html]
[smlwiki.com/page/dondle1.jpg]
[smlwiki.com/page/escapees.html]
[smlwiki.com/characters/zeke.jpg]
[smlwiki.com/characters/butt-tickling-bandit.html]
[smlwiki.com/characters/prev.png]
[smlwiki.com/characters/aetheon-ingame.jpg]
[smlwiki.com/characters/index-2.html]
[smlwiki.com/characters/index.html]
[smlwiki.com/characters/hellisreel.ogg]
[smlwiki.com/irida/ThinPencilHandwriting.woff2]
[smlwiki.com/msg.jpg]
[smlwiki.com/can.png]
[smlwiki.com/letter03.png]
[smlwiki.com/canfront.gif]
[smlwiki.com/letter01.png]
[smlwiki.com/crumple.gif]
[smlwiki.com/contact.html]
[smlwiki.com/goodmannewsheader.jpg]
[smlwiki.com/goodam01.png]
[smlwiki.com/goodam02.png]
[smlwiki.com/news.html]
[smlwiki.com/goodam03.png]
[smlwiki.com/400.webp]
[smlwiki.com/store.html]
[smlwiki.com/mart.html]
[smlwiki.com/mail/note.gif]
[smlwiki.com/newhouse/arrowleft.png]
[smlwiki.com/mail/letter.html]
[smlwiki.com/newhouse/0.webp]
[smlwiki.com/cast/pablo.html]
[smlwiki.com/cast/lovell.html]
[smlwiki.com/cast/logan.html]
[smlwiki.com/newhouse/hall.html]
[smlwiki.com/newhouse/arrowright.png]
[smlwiki.com/irida/badfreq_alt.ogg]
[smlwiki.com/newhouse/stanton.jpg]
[smlwiki.com/newhouse/crew.html]
[smlwiki.com/laptop/pcscreen2.jpg]
[smlwiki.com/laptop/pcscreen.jpg]
[smlwiki.com/laptop/laptop-open.webp]
[smlwiki.com/laptop/note-current.png]
[smlwiki.com/${wallpaper}]
[smlwiki.com/laptop/terus-frontend/termina/user.html]
[smlwiki.com/laptop/icon-poweroff.png]
[smlwiki.com/laptop/icon-zgecrystalball.png]
[smlwiki.com/laptop/icon-notepad.png]
[smlwiki.com/laptop/icon-command.png]
[smlwiki.com/laptop/pianos02.ogg]
[smlwiki.com/laptop/computeroom.ogg]
[smlwiki.com/laptop/pwr01.ogg]
[smlwiki.com/laptop/pwr02.ogg]
[smlwiki.com/barbus.html]
[smlwiki.com/laptop/type03.ogg]
[smlwiki.com/laptop/type04.ogg]
[smlwiki.com/pchand02.png]
[smlwiki.com/pchand03.png]
[smlwiki.com/pchand01.gif]
[bin.smlwiki.com/mov/reboot.webm]
[smlwiki.com/computer.html]
[smlwiki.com/laptop/terus-frontend/argwintrophy96a3.png]
[smlwiki.com/laptop/terus-frontend/charadters/jeffy]
[smlwiki.com/laptop/terus-frontend/wincheck-64.html]
[nez.fyi/g-assets/Consolas.ttf]
[smlwiki.com/global/headertop.jpg]
[smlwiki.com/global/locked.png]
[smlwiki.com/movie/dance.html]
[smlwiki.com/movie/food.html]
[smlwiki.com/movie/great.html]
[smlwiki.com/movie/misery.html]
[smlwiki.com/movie/index.html]
[smlwiki.com/game/find-brooklyn-guy.html]
[smlwiki.com/store-2.html]
[smlwiki.com/news-2.html]
[smlwiki.com/global/header.html]
[smlwiki.com/places/index.html]
[smlwiki.com/game/index.html]
[smlwiki.com/achievements/unlocked.png]
[smlwiki.com/achievements/locked.png]
[smlwiki.com/achievements/ach_lo-mailchecker.png]
[smlwiki.com/achievements/ach_lo-characters.png]
[smlwiki.com/achievements/ach_lo-laptop.png]
[smlwiki.com/achievements/ach_lo-guy.png]
[smlwiki.com/achievements/ach_lo-findbrookie.png]
[smlwiki.com/achievements/ach_lo-clickbart.png]
[smlwiki.com/achievements/ach_lo-phone.png]
[smlwiki.com/achievements/ach_lo-seven.png]
[smlwiki.com/achievements/ach_lo-meetcharleyy.png]
[smlwiki.com/achievements/ach_lo-joke.png]
[smlwiki.com/achievements/notif.ogg]
[smlwiki.com/achievements/ach_lo-contruc.png]
[smlwiki.com/achievements/ach_lo-allcodes.png]
[smlwiki.com/achievements/ach_lo-maddenverse.png]
[smlwiki.com/achievements/ach_lo-endinga.png]
[smlwiki.com/achievements/ach_lo-doll.png]
[smlwiki.com/achievements/ach_lo-key.png]
[smlwiki.com/achievements/ach_lo-endingc.png]
[smlwiki.com/achievements/ach_lo-endingcsecret.png]
[smlwiki.com/achievements/view.html]
[smlwiki.com/menu/global/headertop.html]
[smlwiki.com/menu/cast/charred.html]
[smlwiki.com/menu/cast/large.html]
[smlwiki.com/menu/global/grosstexture.html]
[smlwiki.com/menu/characters/user-submissions/woody1.html]
[smlwiki.com/menu/page/key.html]
[smlwiki.com/menu/characters/juniorr.html]
[smlwiki.com/menu/newhouse/bartstep.html]
[smlwiki.com/menu/characters/searchbar.html]
[smlwiki.com/menu/newhouse/door04.html]
[smlwiki.com/menu/characters/hellisreel.html]
[smlwiki.com/menu/irida/badfreq2.html]
[smlwiki.com/menu/global/ui-08.html]
[smlwiki.com/menu/axe.html]
[smlwiki.com/menu/characters/fuckedpeepee.html]
[smlwiki.com/menu/newhouse/trifect.html]
[smlwiki.com/menu/ken_ohgod2.html]
[smlwiki.com/menu/ken_ohgod.html]
[smlwiki.com/menu/ken_squirm.html]
[smlwiki.com/menu/newhouse/CHARLEYYY_rvb-04-Check_the_mail.html]
[smlwiki.com/menu/laptop/terus-frontend/exe/bnoiseslow.html]
[smlwiki.com/menu/newhouse/mailbox01.html]
[smlwiki.com/menu/newhouse/mailbox02.html]
[smlwiki.com/menu/characters/cody.html]
[smlwiki.com/smlwikibg.png]
[smlwiki.com/global/grosstexture.jpg]
[smlwiki.com/characters/character_pages.css]
[smlwiki.com/cast/IMG_0554.jpg]
[smlwiki.com/cast/image0.jpg]
[smlwiki.com/cast/lance_11.jpg]
[smlwiki.com/cast/lance-sighting-fatal.jpg]
[smlwiki.com/cast/baphintheroom.jpg]
[smlwiki.com/cast/intruder.jpg]
[smlwiki.com/cast/lancer.jpg]
[smlwiki.com/cast/lanceems.ogg]
[smlwiki.com/cast/lance.html]
[smlwiki.com/characters/prevmarv.jpg]
[smlwiki.com/characters/marvin.html]
[smlwiki.com/characters/homer.html]
[smlwiki.com/characters/juniorrr.png]
[smlwiki.com/characters/junior.html]
[smlwiki.com/ken.html]
[smlwiki.com/characters/ken.jpg]
[smlwiki.com/characters/codyken.jpg]
[smlwiki.com/rancid/watch9070.html]
[smlwiki.com/characters/codee.jpg]
[smlwiki.com/characters/cody.html]
[smlwiki.com/page/retconning.html]
[smlwiki.com/characters/joseph.html]
[smlwiki.com/characters/joseph.jpg]
[smlwiki.com/characters/shrek.html]
[smlwiki.com/game/house-2.html]
[www.shutterstock.com/shutterstock/photos/1618446370/display_1500/stock-photo-a-tooth-brush-on-a-hygienic-background-with-a-green-pea-on-it-people-should-use-the-size-of-a-1618446370.jpg]
[smlwiki.com/characters/user-submissions/previouschris.jpg]
[smlwiki.com/characters/chris-the-cucumber.html]
[smlwiki.com/characters/user-submissions/fidgetprevious.png]
[smlwiki.com/characters/freddy-fidget.html]
[smlwiki.com/page/retconning-2.html]
[smlwiki.com/characters/sonic.html]
[smlwiki.com/titotube/index.html]
[www.kidrobot.com/cdn/shop/products/KR16900-UNP-Kidrobot-South-Park-Anatomy-Cartman-8-Inch-Vinyl-Figure-5.jpg]
[smlwiki.com/characters/user-submissions/stupid.ogg]
[smlwiki.com/characters/user-submissions/stupid2.ogg]
[smlwiki.com/characters/golden-nugget.html]
[smlwiki.com/characters/sandman.html]
[smlwiki.com/characters/guypix/shadow.webp]
[smlwiki.com/characters/guy.html]
[smlwiki.com/characters/guypix/new.png]
[smlwiki.com/characters/zack.html]
[smlwiki.com/characters/user-submissions/field.jpg]
[smlwiki.com/characters/user-submissions/pay.jpg]
[smlwiki.com/characters/fuckedpeepee.ogg]
[smlwiki.com/characters/chef-pee-pee.html]
[smlwiki.com/iJo5oCalipQ.html]
[smlwiki.com/characters/judy.html]
[smlwiki.com/irida/glistening.mp3]
[smlwiki.com/characters/mama-luigi.html]
[smlwiki.com/intros/mamaluigi.js]
[smlwiki.com/characters/user-submissions/woody2.png]
[smlwiki.com/characters/user-submissions/woody3.png]
[smlwiki.com/characters/woody.html]
[smlwiki.com/characters/user-submissions/NrGoodevil_Former.png]
[smlwiki.com/characters/goodman.html]
[smlwiki.com/characters/user-submissions/duggiejegleg.jpg]
[smlwiki.com/characters/duggie.html]
[smlwiki.com/characters/user-submissions/duggie2.jpg]
[smlwiki.com/characters/chaz.html]
[smlwiki.com/characters/junior-junior.html]
[smlwiki.com/characters/spongebob.html]
[smlwiki.com/characters/patrick.html]
[smlwiki.com/characters/bitterman.html]
[smlwiki.com/characters/user-submissions/burger.jpg]
[smlwiki.com/characters/arbys.html]
[smlwiki.com/characters/user-submissions/maxresdefault.jpg]
[smlwiki.com/characters/dr-finkleshitz.html]
[smlwiki.com/dondwink.gif]
[smlwiki.com/page/dond-grampud.html]
[smlwiki.com/cast/charred.gif]
[smlwiki.com/page/aetheon.html]
[smlwiki.com/page/damie_an.jpg]
[smlwiki.com/page/gchormssx.jpg]
[smlwiki.com/page/escapees.html]
[smlwiki.com/characters/dylan.jpg]
[smlwiki.com/characters/butt-tickling-bandit.html]
[smlwiki.com/event/day-of-imbalance.html]
[smlwiki.com/characters/index-2.html]
[smlwiki.com/storepix/nshack.webp]
[smlwiki.com/irida/danielbd.ttf]
[smlwiki.com/storepix/solddsign.png]
[smlwiki.com/storepix/soldsign.png]
[smlwiki.com/storepix/belt.gif]
[smlwiki.com/storepix/jaffygras.jpg]
[smlwiki.com/storepix/biggersign.gif]
[smlwiki.com/storepix/file_11.png]
[smlwiki.com/storepix/cvgart.jpg]
[smlwiki.com/storepix/boratpack.png]
[smlwiki.com/storepix/feetballs.png]
[smlwiki.com/storepix/piano.png]
[smlwiki.com/storepix/marvindoll05.png]
[smlwiki.com/storepix/radio.png]
[smlwiki.com/inventory/disc1.webp]
[smlwiki.com/inventory/disc01.html]
[smlwiki.com/storepix/tape01.png]
[smlwiki.com/inventory/disc2.webp]
[smlwiki.com/inventory/disc02.html]
[smlwiki.com/storepix/tape02.png]
[smlwiki.com/storepix/nshack_shelf.png]
[smlwiki.com/storepix/jerry.png]
[smlwiki.com/storepix/nshack_front.png]
[smlwiki.com/storepix/register.mp3]
[smlwiki.com/storepix/jeffymart.ogg]
[smlwiki.com/inventory/marvindoll64.js]
[smlwiki.com/mart.html]
[smlwiki.com/cast/currentpoob-d.jpg]
[smlwiki.com/cast/we.jpg]
[smlwiki.com/cast/pablo.html]
[smlwiki.com/charleyyy.html]
[smlwiki.com/cast/currentlovell.png]
[smlwiki.com/cast/starch.jpg]
[smlwiki.com/cast/large.jpg]
[smlwiki.com/cast/lovell.html]
[smlwiki.com/cast/kickass-table.jpg]
[smlwiki.com/cast/logan.html]
[smlwiki.com/logan.html]
[smlwiki.com/cast/tito.html]
[smlwiki.com/newhouse/1.webp]
[smlwiki.com/newhouse/dollroom.html]
[smlwiki.com/newhouse/eyes.html]
[smlwiki.com/newhouse/upwards.html]
[smlwiki.com/newhouse/hall.html]
[smlwiki.com/${wallpaper}.html]
[smlwiki.com/laptop/terus-frontend/termina/POST]
[smlwiki.com/laptop/terus-frontend/termina/user.html]
[smlwiki.com/newhouse/Critical.ogg]
[smlwiki.com/${getsm(]
[smlwiki.com/ken_ohgod2.ogg]
[smlwiki.com/${sprites}]
[smlwiki.com/barbus.html]
[smlwiki.com/laptop/terus-frontend/argwintrophy96a3.html]
[smlwiki.com/laptop/terus-frontend/charadters/jeffy.html]
[smlwiki.com/movie/beep.flac]
[smlwiki.com/movie/01.webp]
[smlwiki.com/movie/t-food.jpg]
[smlwiki.com/movie/t-dance.jpg]
[smlwiki.com/movie/t-great.jpg]
[smlwiki.com/movie/t-misery.png]
[smlwiki.com/movie/index.html]
[unpkg.com/gsap@3.9.0/dist/gsap.min.js]
[smlwiki.com/movie/grass3.jpg]
[smlwiki.com/movie/smlhouse.png]
[smlwiki.com/movie/door.png]
[smlwiki.com/movie/dance.html]
[smlwiki.com/rancid/watch8435.html]
[smlwiki.com/movie/blood.gif]
[smlwiki.com/movie/yt_food.gif]
[smlwiki.com/movie/insect001.gif]
[smlwiki.com/movie/food.html]
[smlwiki.com/laptop/terus-frontend/texture/grassdark.jpg]
[smlwiki.com/rancid/watch8661.html]
[smlwiki.com/movie/yt_great.gif]
[smlwiki.com/page/collab.html]
[smlwiki.com/movie/great.html]
[smlwiki.com/movie/fakeheader/superluigilogan.png]
[media1.tenor.com/m/v1OGlEp_JskAAAAd/my-honest-reaction-jeff-goldblum.html]
[smlwiki.com/movie/windows_window.css]
[img.nez.fyi/nvp/emoji/a_error_right.gif]
[img.nez.fyi/general/x.png]
[smlwiki.com/movie/${newBgImageUrl}]
[smlwiki.com/movie/misery.html]
[smlwiki.com/movie/fakeheader/index.html]
[smlwiki.com/game/cds1.jpg]
[smlwiki.com/game/cdsl2_1.png]
[smlwiki.com/game/find-brooklyn-guy-2.html]
[smlwiki.com/game/cds3.jpg]
[smlwiki.com/game/cds4.jpg]
[smlwiki.com/game/cds5.jpg]
[smlwiki.com/game/cds6.jpg]
[smlwiki.com/game/cds7.jpg]
[smlwiki.com/game/cds8.jpg]
[smlwiki.com/game/cds9.jpg]
[smlwiki.com/game/cds10.jpg]
[smlwiki.com/game/cds11.jpg]
[smlwiki.com/game/cds12.jpg]
[smlwiki.com/game/cds13.jpg]
[smlwiki.com/game/cds14.jpg]
[smlwiki.com/game/index.html]
[img.nez.fyi/general/brookypic.jpg]
[smlwiki.com/game/fbg/game.html]
[smlwiki.com/game/find-brooklyn-guy.html]
[smlwiki.com/global/ui-04.ogg]
[smlwiki.com/irida/sfx/stand.mp3]
[smlwiki.com/inventory/card6.html]
[smlwiki.com/places/places.css]
[smlwiki.com/places/couchsat.gif]
[smlwiki.com/places/dond.html]
[smlwiki.com/places/dond.jpg]
[smlwiki.com/places/y-u-dumb.html]
[smlwiki.com/places/school.jpg]
[smlwiki.com/places/white-couch.html]
[smlwiki.com/places/whitecouch.jpg]
[smlwiki.com/places/wall.html]
[smlwiki.com/places/meat.jpg]
[smlwiki.com/places/playground.html]
[smlwiki.com/places/playgrond.jpg]
[smlwiki.com/places/index.html]
[smlwiki.com/store-2.html]
[smlwiki.com/news-2.html]
[smlwiki.com/characters/homer.html]
[smlwiki.com/pit/staticoverlay.webm]
[smlwiki.com/doll01.png]
[smlwiki.com/doll02.png]
[smlwiki.com/doll03.png]
[smlwiki.com/doll04.png]
[smlwiki.com/doll05.png]
[smlwiki.com/doll06.png]
[smlwiki.com/doll07.jpg]
[smlwiki.com/ken_knock.ogg]
[smlwiki.com/ken_squirm.ogg]
[smlwiki.com/ken_ohgod.ogg]
[smlwiki.com/laptop/terus-frontend/exe/bnoiseslow.ogg]
[smlwiki.com/ken.html]
[smlwiki.com/rancid/bar.png]
[smlwiki.com/rancid/title.jpg]
[smlwiki.com/rancid/button.png]
[smlwiki.com/rancid/button4.png]
[smlwiki.com/rancid/button3.png]
[smlwiki.com/rancid/watch9070.html]
[smlwiki.com/newhouse/phone.html]
[smlwiki.com/page/retconning.html]
[smlwiki.com/page/retcon.webp]
[smlwiki.com/game/house-2.html]
[smlwiki.com/page/retconning-2.html]
[smlwiki.com/titotube/logo226.jpg]
[smlwiki.com/titotube/news.html]
[smlwiki.com/titotube/thumb1.jpg]
[smlwiki.com/titotube/cats.html]
[smlwiki.com/titotube/thumb2.jpg]
[smlwiki.com/titotube/index.html]
[smlwiki.com/characters/guypix/index.html]
[cdnjs.cloudflare.com/ajax/libs/howler/2.2.3/howler.min.js]
[smlwiki.com/after.jpg]
[smlwiki.com/thishouse.jpg]
[smlwiki.com/iJo5oCalipQ.html]
[smlwiki.com/crew.html]
[smlwiki.com/index9351.html]
[smlwiki.com/characters/user-submissions/thebob.jpg]
[smlwiki.com/characters/spongebob.html]
[smlwiki.com/characters/user-submissions/spongebath.jpg]
[smlwiki.com/page/aetheon-ingame.jpg]
[smlwiki.com/page/aetheon.html]
[smlwiki.com/irida/danielbd.html]
[smlwiki.com/inventory/disc01.html]
[smlwiki.com/inventory/disc02.html]
[smlwiki.com/cursor_a.png]
[smlwiki.com/charleyyy.png]
[smlwiki.com/charleyyy_sheet.gif]
[smlwiki.com/charleyyy.html]
[smlwiki.com/logan2.gif]
[smlwiki.com/loganhead.gif]
[smlwiki.com/logan2-3.png]
[smlwiki.com/logan.html]
[smlwiki.com/newhouse/dollroom.css]
[smlwiki.com/newhouse/droom-01.webp]
[smlwiki.com/newhouse/droom-02.webp]
[smlwiki.com/arrowleft2.png]
[smlwiki.com/newhouse/drleft01.jpg]
[smlwiki.com/arrowright2.png]
[smlwiki.com/newhouse/dollroom_empty-loop.ogg]
[smlwiki.com/intros/droomframe.jpg]
[smlwiki.com/newhouse/drleft02.jpg]
[smlwiki.com/newhouse/drleft03.jpg]
[smlwiki.com/intros/hum1.ogg]
[smlwiki.com/intros/hum2.ogg]
[smlwiki.com/global/ui-08.ogg]
[smlwiki.com/global/ui-01.ogg]
[smlwiki.com/global/ui-06.ogg]
[smlwiki.com/global/ui-03.ogg]
[smlwiki.com/newhouse/droom-06.png]
[smlwiki.com/newhouse/hall-2.html]
[smlwiki.com/newhouse/dollroom.html]
[smlwiki.com/1px.png]
[smlwiki.com/newhouse/marveys/eyes01.jpg]
[smlwiki.com/newhouse/marveys/eyes02.jpg]
[smlwiki.com/newhouse/marveys/eyes03.png]
[smlwiki.com/newhouse/marveys/eyes04.jpg]
[smlwiki.com/newhouse/eyes.html]
[smlwiki.com/newhouse/marveys/eyeswideopen.webm]
[smlwiki.com/newhouse/door01.jpg]
[smlwiki.com/newhouse/door04.jpg]
[smlwiki.com/newhouse/door02.jpg]
[smlwiki.com/newhouse/door03.jpg]
[smlwiki.com/newhouse/bart.html]
[smlwiki.com/cursor-down.png]
[smlwiki.com/newhouse/stairs.webp]
[smlwiki.com/newhouse/trifect.ogg]
[smlwiki.com/newhouse/upwards.html]
[smlwiki.com/laptop/terus-frontend/termina/POST.html]
[smlwiki.com/${getsm(.html]
[smlwiki.com/${sprites}.html]
[smlwiki.com/rancid/watch8435.html]
[smlwiki.com/rancid/watch8661.html]
[v.nez.fyi/sd-video/lbr-mcartoonsytp2024_368p50.mp4]
[upload.wikimedia.org/wikipedia/commons/7/74/Internet-web-browser.svg]
[smlwiki.com/page/collab.html]
[www.gstatic.com/tenor/img/favicon/apple-touch-icon-57x57.png]
[www.gstatic.com/tenor/img/favicon/apple-touch-icon-60x60.png]
[www.gstatic.com/tenor/img/favicon/apple-touch-icon-72x72.png]
[www.gstatic.com/tenor/img/favicon/favicon-32x32.png]
[www.gstatic.com/tenor/img/favicon/favicon-16x16.png]
[www.gstatic.com/tenor/img/tenor-logo.svg]
[c.tenor.com/v1OGlEp_JskAAAAd/tenor.gif]
[media1.tenor.com/m/v1OGlEp_JskAAAAd/my-honest-reaction-jeff-goldblum.html]
[smlwiki.com/movie/windows_window.css]
[smlwiki.com/movie/${newBgImageUrl}.html]
[smlwiki.com/movie/fakeheader/fakeheader/fakeheadertop.1d9.delayed]
[smlwiki.com/movie/fakeheader/fakeheader/superluigilogan.png]
[smlwiki.com/movie/fakeheader/index.html]
[smlwiki.com/game/find-brooklyn-guy-2.html]
[smlwiki.com/game/gameprev_brooklyn_ref.jpg]
[smlwiki.com/game/fbg/0.html]
[smlwiki.com/game/fbg/base_2.png]
[smlwiki.com/game/fbg/brooklyn.png]
[smlwiki.com/game/fbg/960x0_1.jpg]
[smlwiki.com/game/fbg/New_Project_27_1.png]
[smlwiki.com/game/fbg/white-speech-bubble-quotes-box-text-box-frame-talk-chat-box-conversation-bubble-decoration-png.png]
[smlwiki.com/game/fbg/levels/gun.png]
[smlwiki.com/game/fbg/levels/1bg.png]
[smlwiki.com/game/fbg/levels/1fg.png]
[smlwiki.com/game/fbg/levels/1l2.png]
[smlwiki.com/game/fbg/levels/2guy.png]
[smlwiki.com/game/fbg/levels/4.jpg]
[smlwiki.com/game/fbg/levels/blood2.png]
[smlwiki.com/game/fbg/guy1.ogg]
[smlwiki.com/game/fbg/guy2.ogg]
[smlwiki.com/game/fbg/guy3.ogg]
[smlwiki.com/game/fbg/guy4.ogg]
[smlwiki.com/game/fbg/guyshot.ogg]
[smlwiki.com/game/fbg/guy5.ogg]
[smlwiki.com/game/fbg/guy6.ogg]
[smlwiki.com/game/fbg/guy7.ogg]
[smlwiki.com/game/fbg/score.ogg]
[smlwiki.com/game/fbg/womp.ogg]
[smlwiki.com/game/fbg/Splash.ogg]
[smlwiki.com/game/fbg/game.html]
[smlwiki.com/inventory/irida.html]
[smlwiki.com/inventory/irida.jpg]
[smlwiki.com/inventory/card6.html]
[smlwiki.com/places/wallpaper.jpg]
[smlwiki.com/places/roid01.png]
[smlwiki.com/places/roid02.png]
[smlwiki.com/places/OldNewspaperTypes.woff2]
[smlwiki.com/places/places.css]
[smlwiki.com/places/burntroid.webp]
[smlwiki.com/page/dond-grampud-2.html]
[smlwiki.com/places/Sectonic.png]
[smlwiki.com/places/Chaos.png]
[smlwiki.com/places/Dorian.png]
[smlwiki.com/places/dond.html]
[smlwiki.com/places/Fortwelf.png]
[smlwiki.com/places/Etapid.png]
[smlwiki.com/places/Malforment.png]
[smlwiki.com/places/y-u-dumb.html]
[smlwiki.com/page/aetheon-2.html]
[smlwiki.com/places/Evocation.png]
[smlwiki.com/places/Ferrous.png]
[smlwiki.com/places/Ceveilis.png]
[smlwiki.com/places/white-couch.html]
[smlwiki.com/places/wall.html]
[smlwiki.com/places/Shafaf.png]
[smlwiki.com/places/playground.html]
[smlwiki.com/newhouse/phone_00.webp]
[smlwiki.com/newhouse/phone_13.webp]
[smlwiki.com/newhouse/pick_up.ogg]
[smlwiki.com/newhouse/put_down.ogg]
[smlwiki.com/newhouse/phone_14.png]
[smlwiki.com/newhouse/phone_01.png]
[smlwiki.com/newhouse/phone_02.png]
[smlwiki.com/newhouse/phone_03.png]
[smlwiki.com/newhouse/phone_04.png]
[smlwiki.com/newhouse/phone_05.png]
[smlwiki.com/newhouse/phone_06.png]
[smlwiki.com/newhouse/phone_07.png]
[smlwiki.com/newhouse/phone_08.png]
[smlwiki.com/newhouse/phone_09.png]
[smlwiki.com/newhouse/phone_10.png]
[smlwiki.com/newhouse/phone_11.png]
[smlwiki.com/newhouse/phone_12.png]
[smlwiki.com/newhouse/phone.html]
[smlwiki.com/titotube/aprilfools/tito.html]
[smlwiki.com/titotube/news.html]
[smlwiki.com/titotube/aprilfools/alan.html]
[smlwiki.com/titotube/cats.html]
[smlwiki.com/index9351.html]
[smlwiki.com/newhouse/dollroom.css]
[smlwiki.com/newhouse/hall-2.html]
[smlwiki.com/newhouse/cheeseball2.png]
[smlwiki.com/newhouse/explode.webm]
[smlwiki.com/newhouse/cheeseball.png]
[smlwiki.com/newhouse/Navigation.wav]
[smlwiki.com/newhouse/chord.ogg]
[smlwiki.com/newhouse/bart2.jpg]
[smlwiki.com/newhouse/bart3.jpg]
[smlwiki.com/newhouse/bart4.jpg]
[smlwiki.com/newhouse/bart5.jpg]
[smlwiki.com/newhouse/bart6.jpg]
[smlwiki.com/newhouse/cheeseball3.png]
[smlwiki.com/irida/noesc-bitcrush.ogg]
[smlwiki.com/newhouse/bartstep.ogg]
[smlwiki.com/newhouse/bart.html]
[upload.wikimedia.org/wikipedia/commons/7/74/Internet-web-browser.svg]
[www.gstatic.com/tenor/wrapper/cdn-html.min.css]
[www.gstatic.com/tenor/img/tenor-logo.svg]
[smlwiki.com/movie/fakeheader/fakeheader/fakeheadertop.html]
[smlwiki.com/movie/fakeheader/fakeheader/superluigilogan.html]
[smlwiki.com/game/fbg/1.html]
[smlwiki.com/game/fbg/awshucks.mp3]
[smlwiki.com/game/fbg/0.html]
[smlwiki.com/inventory/irida.html]
[smlwiki.com/inventory/irida-2.html]
[smlwiki.com/page/dond-grampud-2.html]
[smlwiki.com/page/aetheon-2.html]
[smlwiki.com/titotube/aprilfools/creepytito.jpg]
[smlwiki.com/titotube/aprilfools/1.mp4]
[smlwiki.com/titotube/aprilfools/2.mp4]
[smlwiki.com/titotube/aprilfools/3.webm]
[smlwiki.com/titotube/aprilfools/4.mp4]
[smlwiki.com/titotube/aprilfools/shot.ogg]
[smlwiki.com/titotube/aprilfools/3DS-SwapNote.ogg]
[smlwiki.com/titotube/aprilfools/tito.html]
[smlwiki.com/titotube/aprilfools/LAD.jpg]
[smlwiki.com/titotube/index-2.html]
[smlwiki.com/titotube/aprilfools/medium.mp4]
[smlwiki.com/titotube/aprilfools/homerb.mp4]
[smlwiki.com/titotube/aprilfools/arabcatsdancing.webm]
[smlwiki.com/titotube/aprilfools/54233__kaponja__guitar-cromatic-3.ogg]
[smlwiki.com/titotube/aprilfools/video0.mp4]
[smlwiki.com/titotube/aprilfools/alan.html]
[bin.smlwiki.com/mov/godtellsme.mp4]
[smlwiki.com/game/fbg/levels/sungod01.png]
[smlwiki.com/game/fbg/levels/sungod02.png]
[smlwiki.com/game/fbg/2.html]
[smlwiki.com/game/fbg/levels/sungod03.png]
[smlwiki.com/game/fbg/levels/sungod04.png]
[smlwiki.com/game/fbg/1.html]
[smlwiki.com/titotube/index-2.html]
[smlwiki.com/game/fbg/levels/2bg.webp]
[smlwiki.com/game/fbg/levels/2fg.webp]
[smlwiki.com/game/fbg/3.html]
[smlwiki.com/game/fbg/2.html]
[smlwiki.com/game/fbg/sungod02.html]
[smlwiki.com/game/fbg/levels/3.jpg]
[smlwiki.com/game/fbg/4.html]
[smlwiki.com/game/fbg/3.html]
[smlwiki.com/game/fbg/levels/light.png]
[smlwiki.com/game/fbg/levels/blood2.mp4]
[smlwiki.com/game/fbg/levels/brooklynss.webp]
[smlwiki.com/game/fbg/levels/brooklynss2.webp]
[smlwiki.com/game/fbg/cutscenebda9.html]
[smlwiki.com/game/fbg/levels/brooklynss1.webp]
[smlwiki.com/game/fbg/cutsceneca50.html]
[smlwiki.com/game/fbg/4.html]
[smlwiki.com/game/fbg/cutscenesound.ogg]
[smlwiki.com/game/fbg/levels/movie2.mp4]
[smlwiki.com/game/fbg/levels/movie1.mp4]
[smlwiki.com/game/fbg/score.html]
[smlwiki.com/game/fbg/cutscenebda9.html]
[smlwiki.com/game/fbg/cutsceneca50.html]
[smlwiki.com/game/fbg/score.html]
